metadata: 308 rows -> /home/aman/workshop/ukis-p001/data/meta/dept-17.json
ok   21931  2501 KB  11-10-2021  प्रमुख सचिव, सूचना एवं विज्ञान प्रौद्योगिकी, उत्तराखण्ड शासन
ok   21932  2501 KB  11-10-2021  प्रमुख सचिव, सूचना एवं विज्ञान प्रौद्योगिकी, उत्तराखण्ड शासन
ok   21957  427 KB  15-09-2021  Regarding TAC, USAC Building
ok   21761  231 KB  28-12-2020  सूचना एवं विज्ञान प्रौद्योगिकी विभाग, उत्तराखण्ड षासन के अधी
ok   22059  32 KB  18-12-2020  श्री जितेन्द्र कुमार, तकनीशियन, पूर्ववर्ती राजकीय वेधशाला, न
ok   22058  38 KB  16-12-2020  उत्तराखण्ड अंतरिक्ष उपयोग केन्द्र (यू-सैक) के संचालन हेतु शा
ok   21914  300 KB  09-10-2019  Regarding Nodal Officer
ok   36881  813 KB  07-02-2019  Regarding giving the benefit of 7th pay scale to the employe
ok   35592  622 KB  06-02-2018  साइंस सिटी की सथापना के सम्बंध  मे 
ok   18052  97 KB  18-12-2017  वित्तीय  वर्ष 2017-18 की वित्तीय स्वीक्ृतियाॅ निर्गत किये जा
ok   18793  100 KB  26-09-2017  वित्तीय वर्ष 2017-18 की वित्तीय स्वीक्ृतियाॅ  निर्गत किये जा
ok   19292  425 KB  26-09-2017  वित्तीय वर्ष 2017.18 मे आय व्ययक में वेतन भत्तों के लिए प्रा
ok   18858  126 KB  14-09-2017  वित्तीय वर्ष 2017.18 की वित्तीय स्वीक्ृतियाॅ निर्गत किये जान
ok   33056  67 KB  04-08-2017  वित्तीय वर्ष 2017-18 में राज्य में सूचना प्रौद्योगिकी का सृद
ok   33058  100 KB  04-08-2017  वित्तीय वर्ष 2017.18 में आय वययक के माघ्यम से एस0सी0एस0पी0 त
ok   33060  92 KB  04-08-2017  वित्तीय वर्ष 2017.18 की वित्तीय स्वीक््तियाॅ निर्गत किये जान
ok   33040  74 KB  02-08-2017  उत्तराखण्ड अंतरिक्ष उपयोग केन्द्र यूसैक के ग्राम डाडा लखौण्ड
ok   18340  57 KB  27-06-2017  सूचना
ok   18375  138 KB  09-06-2017  वित्तीय वर्ष 2017-18 में राज्य में सूचना प्रौद्योगिकी का सुद
ok   18370  89 KB  18-05-2017  वित्तीय वर्ष 2017-18 के आय व्यय मे लेखानुदान के माघ्यम से स्
ok   18371  83 KB  18-05-2017  वित्तीय वर्ष 2017-18 के आय व्यय में लेखानुदान के माघ्यम से स
ok   18373  3545 KB  18-05-2017  वित्तीय वर्ष 2017-18 के आय व्यय में लेखानुदान के माघ्यम से स
ok   32150  78 KB  30-03-2017  आई0टी0 पार्क सहस्त्रद्यारा रोड देहरादून  मे स्थित आई0टी0भवन 
ok   32445  80 KB  30-03-2017  उत्तराखण्ड विज्ञान एवं प्रौद्योगिकी परिषद को सहायता मद के आय
ok   31965  120 KB  23-11-2016  उत्तराखण्ड विज्ञान शिक्षा एवं अनुसंद्यान केन्द्र की स्थापना 
ok   19220  49 KB  19-11-2016  अद्यिसूचना
ok   31895  78 KB  15-11-2016  उत्तराखण्ड विज्ञान एवं प्रोद्योगिकी  परिषद को सहायता मद के आ
ok   31640  80 KB  15-11-2016  उत्तराखण्ड विज्ञान एवं प्रौद्योगिकी परिषद को सहायता मद के आय
ok   32013  404 KB  08-11-2016  राजकीय स्नातकोत्तर महाविद्यालय रानीखेत में स्नातकोत्तर स्तर 
ok   31745  321 KB  06-10-2016  उत्तराचल ई-गर्वनेंस इनिसिएटिव प्रोजेक्ट मैनेजमेंट यूनिट पी0 
ok   31805  132 KB  30-09-2016  उत्तराखण्ड अंतरित उपयोग केन्द्र को सहायतामद के आयोजनागत पक्ष
ok   31601  86 KB  26-09-2016  उत्तराखण्ड अंतरिक्ष अपयोग केन्द्र (यू-सैक) के ग्राम डांडा लख
ok   31602  81 KB  26-09-2016  उत्तराखण्ड विज्ञान एवं प्रौद्योगिकी परिषद को सहायता मद के आय
ok   31623  93 KB  26-09-2016  उत्तराखण्ड विज्ञान एवं प्रौद्योगिकी परिषद को सहायता मद के आय
ok   31470  81 KB  19-09-2016  वित्तीय  वर्ष 2016-17 मे राज्य में सूचना प्रौद्योििगकी का सु
ok   31599  81 KB  19-09-2016  उत्तराखण्ड विज्ञान एव प्रौद्योगिकी परिषद को सहायता मद के आयो
ok   31242  62 KB  17-08-2016  उत्तराखण्ड विज्ञान एवं प्रौद्योगिकी परिषद झाझरा देहरादून के 
ok   19043  61 KB  05-07-2016  वित्तीय वर्ष 2016-17 मे राज्य में सूचना प्रौद्योगिकी का सुद्
ok   19181  79 KB  09-06-2016  उत्तराखण्ड विज्ञान एवं प्रौद्योगिकी परिषद के कार्यो के संचाल
ok   18844  75 KB  09-06-2016  विज्ञान एवं प्रौद्योगिकी विभाग के अनतर्गत स्वायत्तशासी संस्थ
ok   18908  74 KB  03-06-2016  उत्तराखण्ड जैवप्रौद्योगिकी परिषद के कार्यो के संचलन हेतु चाल
ok   23007  106 KB  25-05-2016  उत्तराखण्ड विज्ञान शिक्षा एवं अनुसंद्यान केन्द्र के कार्यो क
ok   30743  85 KB  25-05-2016  उत्तराखण्ड अंतरिक्ष उपयोग  केनद्र (यू-सैक)  के गा्रम डांडा ल
ok   23141  77 KB  20-05-2016  उत्तराखण्ड अन्तरिक्ष उपयोग केन्द्र  के कार्यों के संचालन हेत
ok   20889  80 KB  31-03-2016  वित्तीय वर्ष 2015-16 में राज्य के विभिन्न स्थलों पर वाई-फाई 
ok   20921  78 KB  31-03-2016  सहस्रधारा रोड  देहरादून आई0आई0आई0 (आई0टी0 पार्क) के निर्माणा
ok   20755  68 KB  30-03-2016  वित्तीय वर्ष 2015-16 में राज्य में सूचना प्रौद्योगिकी का सुद
ok   20819  75 KB  30-03-2016  राज्य जैवप्रौद्योगिकी परिषद की भाऊवाला देहरादून में सेन्टर आ
ok   20841  75 KB  30-03-2016  राज्य जैवप्रौद्योगिकी परिषद को भाऊवाला देहरादून में सेन्टर आ
ok   20879  2262 KB  30-03-2016  वित्तीय वर्ष 2015-16 हेतु विभिन्न मदों में पुनर्विनियोग के म
ok   30276  4824 KB  22-03-2016  वित्तीय वर्ष 2015-16 में ’पन्त काॅलेज आॅफ टैक्नोलाॅजी पन्तनग
ok   30349  1396 KB  02-03-2016  उत्‍तराखण्‍ड अन्‍तरिक्ष उपयोग केन्‍द्र (यू-सैक) के ग्राम डां
ok   30348  1529 KB  01-03-2016  चालू वित्‍तीय वर्ष 2015-16 में आयोजनागत पक्ष में उत्‍तराखण्‍
ok   30232  706 KB  11-02-2016  उत्‍तरांचल ई-गवर्नेन्‍स इनिसिएटिव प्रोजेक्‍ट मैनेजमेंट यूनिट
ok   30225  624 KB  27-01-2016  राष्ट्रीय ई- गवर्नेंस योजना की ई-डिस्ट्रिक्ट परियोजना के अंत
ok   17344  1027 KB  29-12-2015  उत्तराखंड विज्ञान एवं प्रोद्योगिकी परिषद में संचालित कार्यो/
ok   17348  1682 KB  29-12-2015  वित्तीय वर्ष २०१५ - १६ में आयोजनागत पक्ष में उत्तराखंड अंतरि
ok   17387  1137 KB  29-12-2015  RNTCP कार्यक्रम के अंतर्गत वित्तीय वर्ष २०१५-१६ हेतु भारत सर
ok   30192  1527 KB  28-12-2015  वित्तीय वर्ष २०५-१६ के आय व्ययक में उत्तराखंड जैव प्रोद्योगि
ok   26468  416 KB  21-11-2015  चालू वित्तीय वर्ष  २०१४-१५ में आयोजनागत पक्ष में उत्तराखण्ड 
ok   26520  336 KB  21-11-2015  विज्ञान एवं प्रौद्योगिकी विभाग की स्वायत्तशासी संस्था उत्तरा
ok   26514  1125 KB  19-11-2015  विज्ञानं एवं प्रोद्योगिकी विभाग के अंतर्गत स्वायत्तशासी संस्
ok   25957  396 KB  16-10-2015  जैवप्रौद्योगिकी परिषद के सञ्चालन हेतु वचनवद्ध मदों में भुगता
ok   26201  464 KB  15-10-2015  वचनबद्ध मदों वेतन किराया आदि  में भुगतान हेतु राज्य आकस्मिकत
ok   25860  1307 KB  12-10-2015  वित्तीय वर्ष २०१५-१६ के आय-व्ययक में उत्तराखंड विज्ञान एवं प
ok   25880  322 KB  10-09-2015  उत्तराखंड अंतरिक्ष उपयोग केंद्र के कार्यों के सञ्चालन  एवं प
ok   29951  867 KB  17-08-2015  चालू वित्तीय वर्ष २०१५-१६ में आयोजनागत पक्ष में उत्तराखंड वि
ok   19744  326 KB  19-03-2015  उत्‍तराखण्‍ड विज्ञान एवं प्रौद्योगिकी  परिषद झाझरा देहरादून 
ok   29679  548 KB  25-02-2015  आयोजनागत पक्ष में वित्‍तीय स्‍वीकृति निर्गत किये जाने विषयक 
ok   29726  648 KB  13-02-2015  वचनबद्ध मदों में भुगतान हेतु राज्‍य आकस्मिकता निधि से धनराशि
ok   29727  648 KB  13-02-2015  वचनबद्ध मदों में भुगतान हेतु राज्‍य आकस्मिकता निधि से धनराशि
ok   19578  1012 KB  13-02-2015  वचनबद्ध मदों (वेतन किराया आदि) में भुगतान हेतु राज्य आकस्मिक
ok   29780  192 KB  23-01-2015  प्रदेश में मीनिस्‍ट्री ट्रान्‍जीशन टीम के गठन विषयक  
ok   29670  673 KB  23-01-2015  जैव प्रौद्योगिकी कार्यक्रम के संचालन हेतु धनराशि विषयक 
ok   29001  265 KB  19-01-2015  500 विद्यालयों में ICT योजना को संचालित किये जाने विषयक 
ok   29654  72 KB  31-12-2014  महानिदेंशक विद्यालयी शिक्षा के अन्‍तर्गत निदेशालयों में क्रय
ok   29408  407 KB  17-12-2014  वित्‍तीय वर्ष 2014
-15 के आय व्‍ययक की अवशेष धनराशि तृतीय क
ok   17110  165 KB  08-12-2014  विज्ञान एवं प्रौद्योगिकी विभाग के लोक सूचना अधिकारियों को ना
ok   28818  387 KB  18-11-2014  वित्तीय वर्ष 2014-15 के आय व्ययक की अवशेष धनराशि द्वितीय किश
ok   28844  409 KB  31-10-2014  वित्‍तीय वर्ष 2014-15 के आय व्‍ययक की धनराशि की स्‍वीकृति वि
ok   28578  387 KB  17-09-2014  वित्तीय वर्ष 2014-15 के आय व्ययक की अवशेष धनराशि में से द्वि
ok   28513  333 KB  13-08-2014  एडुसैट कार्यक्रम को उच्च शिक्षा विभाग के अंतर्गत उत्तराखण्ड 
ok   858  156 KB  31-07-2014  वित्तीय वर्ष 2014-15 के आय व्ययक की स्वीकृति निर्गत किये जान
ok   713  264 KB  30-05-2014  उत्त्तरांचल ई-गवर्नेस इनिसिएटिव प्रोजेक्ट मैनेजमेंट यूनिट (प
ok   753  312 KB  28-05-2014  निर्माण कार्यो से सम्बन्धित निविदाओं के विज्ञापन विषयक
ok   749  267 KB  27-05-2014  वित्त्तीय वर्ष 2014-15 में अनुदान संख्या-30 के अंतर्गत धनराश
ok   750  291 KB  27-05-2014  वित्त्तीय वर्ष 2014-15 मे आयोजनागत मदों हेतु धनराशि अवमुक्त 
ok   751  265 KB  27-05-2014  वित्त्तीय वर्ष 2014-15 मे अनुदान संख्या-31 के अंतर्गत धनराशि
ok   28277  336 KB  30-04-2014  वित्‍तीय वर्ष 2014-15 के आय-व्‍ययक की स्‍वीकृति निर्गत किये 
ok   28365  422 KB  22-04-2014  वित्‍तीय वर्ष 2014 -15 के आय-व्‍ययक की स्‍वीकृति निर्गत्‍ा क
ok   28366  430 KB  22-04-2014  वित्‍तीय वर्ष 2014 -15 के आय-व्‍ययक की स्‍वीकृति निर्गत्‍ा क
ok   28474  262 KB  16-04-2014  उत्‍तरांचल ई-गवर्नेन्‍स इनिसिएटिव प्रोजेक्ट मैनेजमेन्‍ट युनि
ok   27855  266 KB  18-02-2014  उत्‍तराखण्‍ड अंतरिक्ष उपयोग केन्‍द्र के संचालन हेतु प्रबन्‍ध
ok   26885  292 KB  02-01-2014  वित्‍तीय वर्ष 2013-14 के आयोजनागत पक्ष में वित्‍तीय स्‍वीकृत
ok   26902  136 KB  11-12-2013  वित्‍तीय वर्ष  2013-14 के आयोजनागत पक्ष की द्वितीय किश्‍त की
ok   15932  148 KB  31-10-2013  वित्‍तीय वर्ष 2013-14 के प्रथम अनुपूरक  अनुदान की स्‍वीकृति 
ok   15933  145 KB  31-10-2013  वित्‍तीय वर्ष 2013-14 के आयोजनागत पक्ष की द्वितीय किश्‍त की 
ok   16255  68 KB  21-10-2013  ई-डिस्ट्रिक्‍अ परियोजना के अन्‍तर्गत जनपद स्‍तर पर निर्गत कम
ok   15897  2569 KB  29-08-2013  राष्‍ट्रीय ई-गवर्नेस योजना की ई-डिस्ट्रिक्‍ट परियोजना के अन्
ok   13356  635 KB  20-07-2013  राष्‍ट्रीय ई-गर्वनेन्‍स योजना की ई-डिस्ट्रिक्‍ट परियोजना के 
ok   25772  762 KB  20-07-2013  राष्ट्रीय ई-गवर्नेंस योजना की ई-डिस्ट्रिक्ट परियोजना के अंतर
ok   1800  3752 KB  20-07-2013  राष्‍ट्रीय ई-गर्वनेन्‍स योजना की ई-डिस्ट्रिक्‍ट परियोजना के 
ok   8723  1897 KB  20-07-2013  राष्‍ट्रीय ई-गर्वनेन्‍स योजना की ई-डिस्ट्रिक्‍ट परियोजना के 
ok   25604  339 KB  18-04-2013  वित्‍तीय वर्ष 2013-14 के आय-व्‍ययक की वित्‍तीय स्‍वीकृति निर
ok   25605  344 KB  18-04-2013  वित्‍तीय वर्ष 2013-14 के आय-व्‍ययक की वित्‍तीय स्‍वीकृति निर
ok   25672  342 KB  18-04-2013  वित्‍तीय वर्ष 2013-14 के आय-व्‍ययक की वित्‍तीय स्‍वीकृति निर
ok   25673  342 KB  18-04-2013  वित्‍तीय वर्ष 2013-14 के आय-व्‍ययक की वित्‍तीय स्‍वीकृति निर
ok   16339  394 KB  08-02-2013  वित्‍तीय वर्ष 2012-13 मे एन0ई0जी0पी0 योजना के अन्‍तर्गत विभि
ok   27211  381 KB  06-02-2013  एन0ई0जी0पी0 योजना के अन्‍तर्गत सी0एस0सी0 को संयोजि‍त किये जा
ok   16534  161 KB  05-02-2013  चालू वित्‍तीय वर्ष 2012-13 में विज्ञान धाम की स्‍थापना हेतु 
ok   24180  161 KB  28-09-2012  चालू वित्‍तीय वर्ष 2012-13के आय व्‍ययक की वित्‍तीय स्‍वीकृति
ok   24193  377 KB  21-09-2012  उत्‍तरांचल ई-गवर्नेस इनिसिएटिव प्रोजेक्‍ट मैनेजमेंट यूनिट हे
ok   17404  154 KB  07-08-2012  आय-व्‍यय की वित्‍तीय स्‍वीकृति के संबंध में
ok   17405  152 KB  07-08-2012  आय-व्‍यय की वित्‍तीय स्‍वीकृति निर्गत किये जाने के संबंध में
ok   17406  155 KB  07-08-2012  आय-व्‍यय की वित्‍तीय स्‍वीकृति निर्गत किये जाने के संबंध में
ok   17546  355 KB  23-07-2012  वित्‍तीय वर्ष 2012-13 के आय-व्‍ययक की वित्‍तीय स्‍वीकृत निर्
ok   17547  355 KB  23-07-2012  वित्‍तीय वर्ष 2012-13 के आय-व्‍ययक की वित्‍तीय स्‍वीकृत निर्
ok   17574  333 KB  20-07-2012  वित्‍तीय वर्ष 2012-13 के अय-व्‍ययक की वित्‍तीय स्‍वीकृति निर
ok   17543  333 KB  20-07-2012  वित्‍तीय वर्ष 2012-13 के आय-व्‍ययक की वित्‍तीय स्‍वीकृत निर्
ok   17544  336 KB  20-07-2012  वित्‍तीय वर्ष 2012-13 के आय-व्‍ययक की वित्‍तीय स्‍वीकृत निर्
ok   16572  166 KB  26-06-2012  लेखानुदान में प्राविधानित धनराशि की अनुदान मदों में स्‍वीकृत
ok   13328  174 KB  30-05-2012  चालू वित्‍तीय वर्ष 2012-13 के लेखानुदान मं प्राविधानित धनराश
ok   7950  168 KB  30-05-2012  चालू वित्‍तीय वर्ष 2012-13 के लेखानुदान में प्राविधानित धनरा
ok   15296  465 KB  09-05-2012  चालू वित्‍तीय वर्ष 2012-13 के लेखानुदान में प्राविधानित धनरा
ok   15700  495 KB  09-05-2012  चालू वित्‍तीय वर्ष 2012-13 के लेखानुदान में प्राविधानित धनरा
ok   13289  494 KB  09-05-2012  चालू वित्‍तीय वर्ष 2012-13 के लेखानुदान में प्राविधानित धनर‍
ok   15295  500 KB  08-05-2012  चालू वित्‍तीय वर्ष 2012-13 के लेखानुदान में प्राविधानित धनरा
ok   1451  463 KB  03-05-2012  चालू वित्‍तीय वर्ष 2012-13 के लेखानुदान में प्राविधानित धनरा
ok   26446  150 KB  27-03-2012  अपीलीय अधिकारी,लोक सूचना अधिकारी  नियुक्‍त किये जाने विषयक
ok   14379  1039 KB  29-08-2011  लोकसूचना अधिकारी तथा प्रथम अपीलीय अधिकारी नामित किये जाने वि
ok   14241  2766 KB  23-08-2011  वित्‍तीय वर्ष 2011-12 में आयोजनागत पक्ष में उत्‍तराखण्‍ड अंत
ok   20041  51 KB  30-05-2011  वित्‍तीय तर्ष 2011-12 में आयोजनागत पक्ष में अत्‍तराखण्‍ड  अं
ok   14794  53 KB  20-05-2011  वित्‍तीय वर्ष 2011-12 में आयोजनागत पक्ष में उत्‍तराखण्‍ड विज
ok   14795  51 KB  20-05-2011  वित्‍तीय वर्ष 2011-12 में आयोजनागत पक्ष में राज्‍य जैव प्रौद
ok   14796  52 KB  20-05-2011  वित्‍तीय वर्ष 2011-12 में आयोजनागत पक्ष में विज्ञान एवं प्रौ
ok   15137  28 KB  28-01-2011  राज्‍य में कम्‍प्‍यूटर एवं सहवर्ती उपकरणों के क्रय एवं उनके 
ok   20596  66 KB  27-01-2011  वर्ष 10-11 में उत्‍तराखण्‍ड अंतरिक्ष उपयोग केन्‍द्र हेतु धनर
ok   13590  340 KB  14-12-2010  विज्ञान धाम की स्‍थापना हेतु धनराशि अवमुक्‍त
ok   13024  105 KB  10-11-2010  कार्यालय ज्ञाप-यू0आई0डी0 परियोजना के राज्‍य क्रियान्‍वयन के 
ok   13634  258 KB  08-11-2010  कार्यालय ज्ञाप-उत्‍तराखण्‍ड अंतरिक्ष उपयोग केन्‍द्र(यू0सेक) 
ok   15039  214 KB  28-10-2010  विज्ञान एवं प्रौद्योगिकी परिषद की सामान्‍य निकाय एवं कार्यका
ok   12858  313 KB  27-10-2010  सरकारी वैबसाईटों हेतु भारत सरकार के दिशा निर्देशों के अनुपाल
ok   18531  173 KB  21-10-2010  कार्यालय आदेश-डा0जगमोहन सिंह राणा, वि भागाध्‍यक्ष एच0एन0बी0ग
ok   17932  376 KB  21-09-2010  उत्‍तराखण्‍ड विज्ञान शिक्षा एवं अनुसंधान केन्‍द्र(यू-सर्क) ह
ok   18110  346 KB  16-09-2010  कार्यालय ज्ञाप-डा0 जगमो‍हन सिंह राणा, निदेशक बायोटैक्‍नोलोजी
ok   17705  411 KB  15-09-2010  वर्ष 2010-11 में आयोजनागत पक्ष में विज्ञान एवं प्रौद्योगिकी 
ok   14500  354 KB  20-07-2010  वि0वर्ष 2010-11 में आयोजनागत पक्ष में उ0 अंतरिक्ष उपयोग केन्
ok   14501  338 KB  20-07-2010  वि0वर्ष 2010-11 में आयोजनागत पक्ष में राज्‍य जैव प्रौद्योगिक
ok   12829  374 KB  25-06-2010  उत्‍त्‍राखण्‍ड विज्ञान शिक्षा एवं अनुसंधान केन्‍द्र (यू-सर्क
ok   13986  377 KB  15-06-2010  वित्‍तीय वर्ष 2010-11 में आयोजनागत पक्ष मे विज्ञान एवं प्रोज
ok   13259  337 KB  06-05-2010  सचिवालय परिसर हिन्‍दी कम्‍प्‍यूटर लैब भवन में स्‍वान पी0ओ0पी
ok   5217  696 KB  09-02-2010  Aatithya Vya madon main Vya Dhanrashi Punar-niyojan ke Madhy
ok   5244  331 KB  22-12-2009  Sachivalaya-Swan POP Networking Connectivity Karyon hetu Dha
ok   4926  169 KB  10-12-2009  Zila Chamoli ke Antargat SWAN-POP Kindron hetu Attirikt Kary
ok   4928  672 KB  10-12-2009  Science and Technology Parisad UK ke Vibhagiya Dhanchey ka P
ok   5095  55 KB  04-12-2009  Information Technology Vibhag ke Antargat(Science City) ke N
ok   4924  550 KB  03-12-2009  6th Pay Commission ke Anuroop Vaitanmaan Anumanya keye Jane 
ok   4981  81 KB  23-11-2009  Haridwar Swan Yojna main N/w Kendron hetu Attirikt Dhanrashi
ok   4890  54 KB  20-11-2009  V.Vars 2009-10 main Uttarakhand Antriks kendra hetu Dhanrash
ok   4805  35 KB  09-11-2009  Office Order-Appeal Adhikari Namit ke Sambandh main.
ok   4622  68 KB  07-10-2009  V.Vars 2009-10 main Rajya Jaib Prodhogikiki Karyakarm hetu D
ok   4623  72 KB  07-10-2009  V.Vars-09-10 main Vigyan avam Prodhogikiki Parisad hetu Dhan
ok   4624  67 KB  07-10-2009  V.Vars-09-10 main Vigyan avam Prodhogikiki Parisad hetu Dhan
ok   3926  164 KB  27-04-2009  V.Vars 2009-10 main Ayojnagat paks main IT Parisad hetu Dhan
ok   3839  74 KB  26-03-2009  Uttarakhand Bio-technology Karyakarm hetu Avamukt Dhanrashi 
ok   3492  477 KB  05-03-2009  SWAN Yojna ki POP Aaganno ke Sapaiks Dhanrashi ki Swikriti.
ok   3493  58 KB  05-03-2009  SWAN Yojna ki POP Tehsil Bairinag ke Sthan per Tehsil Didiha
ok   3494  73 KB  05-03-2009  Sanshodhan- Go.No.45/190/XXXIV/IT/2008 dated 29/1/2009
ok   3484  217 KB  03-03-2009  Swan Yojna ki POP ke Sapaiks Dhanrashi ki Swikriti.
ok   3485  206 KB  03-03-2009  Swan Yojna ki POP ke Sapaiks Dhanrashi ki Swikriti.
ok   3486  178 KB  03-03-2009  Swan Yojna ki POP ke Sapaiks Dhanrashi ki Swikriti.
ok   3487  177 KB  03-03-2009  Swan Yojna ki POP ke Sapaiks Dhanrashi ki Swikriti.
ok   3488  174 KB  03-03-2009  Swan Yojna ki POP ke Sapaiks Dhanrashi ki Swikriti.
ok   3489  212 KB  03-03-2009  Swan Yojna ki POP ke Sapaiks Dhanrashi ki Swikriti.
ok   3490  182 KB  03-03-2009  Swan Yojna ki POP Aaganno ke Sapaiks Dhanrashi ki Swikriti.
ok   3491  155 KB  03-03-2009  Swan Yojna ki POP Aaganno ke Sapaiks Dhanrashi ki Swikriti.
ok   3495  131 KB  11-02-2009  SWAN Yojna ki POP Aaganno ke Sapaiks Dhanrashi ki Swikriti.
ok   3465  138 KB  30-01-2009  V.Vars 2008-09 main Rajya main Information Technology ka Sud
ok   3496  114 KB  29-01-2009  SWAN Yojna ki POP Aaganno ke Sapaiks Dhanrashi ki Swikriti.
ok   3497  163 KB  29-01-2009  SWAN Yojna ki POP Aaganno ke Sapaiks Dhanrashi ki Swikriti.
ok   3498  155 KB  29-01-2009  SWAN Yojna ki POP Aaganno ke Sapaiks Dhanrashi ki Swikriti.
ok   3499  168 KB  29-01-2009  SWAN Yojna ki POP Aaganno ke Sapaiks Dhanrashi ki Swikriti.
ok   3532  118 KB  29-01-2009  SWAN Yojna ki POP Aaganno ke Sapaiks Dhanrashi ki Swikriti.
ok   3562  158 KB  29-01-2009  SWAN Yojna ki POP Aaganno ke Sapaiks Dhanrashi ki Swikriti.
ok   3563  130 KB  29-01-2009  SWAN Yojna ki POP Aaganno ke Sapaiks Dhanrashi ki Swikriti.
ok   3650  127 KB  29-01-2009  SWAN Yojna ki POP Aaganno ke Sapaiks Dhanrashi ki Swikriti.
ok   3067  50 KB  17-11-2008  Karyalaya Gyap-E-Janadhar Yojna ka Naam Pt.Deen Dayal Upadhy
ok   3022  355 KB  22-10-2008  V.Vars 2008-09 main Punarviniyog ke Madhyam se Dhanrashi ki 
ok   2819  71 KB  14-10-2008  Karyalaya Gyap - State Level SWAN Implementation Committee.
ok   2788  55 KB  13-10-2008  Karyalaya Gyap- Industrial Rule 2003-Empowered Committee mai
ok   2720  129 KB  22-09-2008  V.Vars 2008-09 main E-Governance Action Plan ke Anttargat Ke
ok   2721  121 KB  22-09-2008  V.Vars 2008-09 main National E-Governance Yojnantargat Attir
ok   2815  121 KB  18-09-2008  V.Vars 2008-09 main SWAN ka Kriyavyayan Yojnantargat Vittiya
ok   2708  135 KB  11-09-2008  Uttarakhand E-Governance Initiative Project Management Unit(
ok   2658  63 KB  06-08-2008  Karyalaya Gyap- State Level SWAN Implementation Committee.
ok   2935  15596 KB  02-08-2008  Regarding- State Natural resources Management System ke Gath
ok   2691  777 KB  01-08-2008  Shri Jitender Kumar Mathur ke Aamailan ke Sambandh main.
ok   2445  145 KB  23-06-2008  Rajya main Computer Upkarno ke Kry avam Niriksan Sambandhi D
ok   2272  162 KB  18-06-2008  V.Vars 2008-09 main Ayojnagat Paks main UK Rajya Vigyan avm 
ok   2149  239 KB  22-05-2008  V.Vars 2008-09 main Rajya main Soochna Prodyogiki ka Sudhiri
ok   1624  201 KB  19-03-2008  V.V.07-08 main Anudaan Sankya-23 ke Lekha-Sirsak-3425 ke Ant
ok   1693  144 KB  19-03-2008  V.V.0708 main Rajya Main Soochna Prodhogiki ka Vikas Yojnant
ok   1766  85 KB  11-03-2008  Karyalaya Gyap -Biotechnology Pantnagar main Pariyojna Nidai
ok   1465  100 KB  15-02-2008  Karyalaya Gyap - Regarding Dr.L.M.S.Palni
ok   1408  182 KB  08-02-2008  V.Vars 07-08 main Dehradun/Bhimtaal main IT Park ki Sthapana
ok   1406  261 KB  06-02-2008  V.Vars07-08 main Ayojnagat paks main Uttarakhand Antriks Ken
ok   1130  123 KB  28-12-2007  Sansodhan-GO No. 626/XXXIV/121-Su.Pro/2006 dated 27/12/2007.
ok   1096  167 KB  27-12-2007  V.Vars 07-08 hetu Uttaranchal Rajya main Takniki Sahayata Yo
ok   1344  233 KB  24-12-2007  V.V.07-08 main Rajya main Soochna Prodhogiki ka Sudridi-kara
ok   1064  105 KB  10-12-2007  Computer AMC ke Sambandhh main.
ok   988  94 KB  28-11-2007  Karyalaya Gyap- Appointment Dr. M.L.S.Palni Scintist Cunsult
ok   989  208 KB  28-11-2007  V.Vars 07-08 main Ayojnagat Paks main UK Rajya Vigyan Prodho
ok   12542  124 KB  24-10-2007  Uttaranchal E-Governance Eniciative Project Management (PMU)
ok   574  166 KB  23-10-2007  Uttaranchal Biotechnology Karyakarm ke Sanchalan hetu Dhanra
ok   12424  121 KB  21-08-2007  Vittiya vars 2007-08 hetu Uttaranchal Rajya main Sudhar Pari
ok   12347  174 KB  17-07-2007  Vittiya varsh 2007-08 hetu Dhanrashi Avamukt karne ke Samban
ok   11564  303 KB  21-05-2007  Uttarakhand Rajya main Bharat Sarkar ki Rastriya E-Prasasan 
ok   5761  78 KB  04-05-2007  Karyalaya gyap
ok   11622  79 KB  30-04-2007  Karyalaya Gyap.
ok   5807  3117 KB  14-03-2007  C.E.M.B.Bhavan ke Nirman hetu Dhanrashi Avamukt karne ke Sam
ok   11055  67 KB  26-10-2006      E-Governance Initiative Project, PMU , Memorandum of Ass
ok   4531  41 KB  23-10-2006  Office Order- Computer Hardware/Software and Networking Up-k
ok   10985  179 KB  18-10-2006      Science evam technology board, Uttaranchal hetu dhanrash
ok   11035  145 KB  18-10-2006      Sofware Piracy
ok   10817  113 KB  06-10-2006      Computer and anya sahwarti upkaranon hetu apurtikartaon 
ok   10816  88 KB  04-10-2006      PMU E-Governance Initiatives "Memorandum of Association 
ok   10962  96 KB  28-09-2006      Orchidville PTE Singapore dwara prayojit karyakram ke an
ok   10953  206 KB  21-09-2006      Uttaranchal biotechnology karyakram ko sucharu sanchalan
ok   10751  359 KB  31-08-2006      Rajya Prakritik sansadhan pranali Uttaranchal ka gathan 
ok   10684  168 KB  24-08-2006      Uttarancahal Sate wide area network ki sthapana hetu
ok   10641  2277 KB  21-08-2006      Notification/Policy
    
ok   12850  728 KB  21-08-2006  IT POLICY 2006
ok   17759  2280 KB  21-08-2006  IT POLICY HINDI 2006
ok   9434  50 KB  21-02-2006    Dr. Rakesh Goel S.I.O. National Informatics nominated as C
ok   9715  60 KB  24-01-2006      Adhisoochana
ok   9397  133 KB  06-12-2005     Organisation of Project steering committee for PMU, E-Gov
ok   8995  119 KB  23-11-2005      Uttaranchal rajya biotechnology karyakaram ke antargat p
ok   21979  23 KB  21-11-2005   Regarding USAC governing Body...
ok   22033  23 KB  21-11-2005   Regarding USAC governing Body...
ok   22052  23 KB  21-11-2005  Regarding USAC Governing Body Establishment
ok   22057  23 KB  21-11-2005  Regarding USAC Society Registration Act
ok   21567  23 KB  21-11-2005  Regarding USAC Governing Body...
ok   21594  23 KB  21-11-2005  Regarding USAC Governing Body
ok   21920  23 KB  21-11-2005  Regarding USAC Governing Body...
ok   8961  131 KB  18-11-2005      Vittya varsh 2005-06 main vijyan evam progyoghiki vibagh
ok   8951  94 KB  16-11-2005      Karlaya Jyap constitution of an Apex Committee for the N
ok   9074  55 KB  24-10-2005      Karalaya Jyaap
ok   9341  225 KB  24-10-2005      Uttaranchal rajya biotechnology karykaram ke antargat ce
ok   9073  226 KB  24-09-2005      Karalaya Jyaap
ok   8931  48 KB  07-09-2005      patuvadhangar jila nainital mein pahale se kam kar rahje
ok   8858  169 KB  02-09-2005      Vitiya varsh 2005-2006 ke aya-vaya se IT yojanaoan hetu 
ok   9264  151 KB  30-08-2005      Patuadangar jila nainital main pahle se kaam kar rahe ra
ok   8364  134 KB  30-04-2005      Vbhageeya suchana prabhandh tantra ready karne tatha sta
ok   8097  232 KB  30-03-2005      Uttranchal Rajay Biotecnology Karyakram key Untergat Cen
ok   8154  160 KB  30-03-2005      Financial year 2004-05 mein e-govern's enesiyativ heytu 
ok   8037  130 KB  01-03-2005      uttranchal rajya biotechnology karyakram ke antargat cen
ok   7464  50 KB  25-11-2004  soochna pradhogiki vibhag ke shasanadesh sankhya 61/19-su.pr
ok   7169  202 KB  11-11-2004  uttaranchal sasan dwara mirgat sasanadesho ke http://ua.nic.
ok   7152  55 KB  09-11-2004  ma. van,paryavaran evam sahri vikash mantri ke karyalaya mei
ok   7120  649 KB  07-10-2004  uttaranchal mein e-goverance manak ka nirdharan    
ok   6924  90 KB  20-09-2004  Sachiv,Suchana Prodigiki Vibhag ,Uttaranchal Shasan Shri. Am
ok   6651  230 KB  31-08-2004  Sasanadeshon ko website mein http://ua.nic.in mein "adhisooc
ok   6452  321 KB  23-06-2004  Uttaranchal E-Governance Initiative Project Management Unit 
ok   6405  265 KB  02-06-2004  Vishwa Bank Poshit E-Governance Project Management Unit(P.M.
ok   6257  123 KB  24-05-2004  I.T.I.T.I. Jhajhara, Dehradun Ko Sansthan Ke Utghatan Dinak 
ok   6135  85 KB  29-03-2004  Rajya Ke Vishwavidhyalayon Tatha Vibhagon Ki Prakriyaon Evam
ok   6136  82 KB  29-03-2004  I.I.T.I Khakhra mein boundary wall evam chatravaas ke nirmaa
ok   6086  249 KB  25-03-2004  Soochna Pradhyaugiki Prakriyaon Ka Sudhradhikaran Ke Antarga
ok   225  94 KB  09-03-2004  Hiltron Ko Utpaadan Shetra Se Hatakar Sewa Shetra Se Samband
ok   207  1645 KB  03-03-2004  Computer Va Anya Sahvarti Upkarano Ki Aapoorti Hetu Dar Anub
ok   52  154 KB  13-02-2004  Vittiya Varsh 2003-04 Mein Anupoorak Maang Ke Madhyam Se Anu
ok   232  80 KB  15-12-2003  Hiltron Ka Adhyaksh Niyukt Karne Ke Sambandh Mein
ok   191  80 KB  14-11-2003  Mukhyamantri Vivekadheen Kosh Ki Prakriyaon Ko Computerikrit
ok   231  181 KB  12-11-2003  Sachivalaya Ke Navnirmit Blockon Mein Networking Suvidha Upl
ok   5965  192 KB  08-10-2003  Mukhyamantri Vivekadhin Kosh Ki Prakriyaon Ko Computerikrit 
ok   233  169 KB  11-09-2003  Soochna Pradhyaugiki Vibhaag Dwara Prachlit Technology Visio
ok   5751  57 KB  24-04-2003  Shri Krishan Chandra Punetha, Man. Adhyaksh Hiltron Dwara Ty
ok   5972  82 KB  04-02-2003  Man. Mukhya Mantri Vivekadhin Kosh Ki Prakriyaon Ko Computer
ok   5971  82 KB  03-02-2003  Sachivalaya Parisar Mein Hindi Computer Prayogshala Ki Sthap
ok   5746  245 KB  31-01-2003  Sachivalaya Parisar Mein Hindi Computer Prayogshala Ki Sthap
ok   5745  258 KB  30-01-2003  Mukhyamantri Vivekadhin Kosh Ki Prakriyaon Ko Computerikrit 
ok   5744  181 KB  23-01-2003  Samast Vibhagon Hetu Uttaranchal Ki Website Banane Tatha Sof
ok   5743  181 KB  16-01-2003  Samast Vibhagon Hetu Uttaranchal Ki Website Banane Tatha Sof
ok   5742  147 KB  11-10-2002  Uttaranchal Ki Website Banane Hetu Yojnavaar Soochna Taiyaar
ok   5739  57 KB  24-06-2002  I.T. Udhyog Se Sambandhit Samast Karya I.T. Vibhaag Dwara Sa
pdfs: ok=285 skipped=23 failed=0 -> /home/aman/workshop/ukis-p001/data/meta/manifest-17.json
