metadata: 1075 rows -> /home/aman/workshop/ukis-p001/data/meta/dept-203.json
gone 14103  (portal has no file for this order)
gone 14051  (portal has no file for this order)
gone 13923  (portal has no file for this order)
gone 13386  (portal has no file for this order)
gone 13466  (portal has no file for this order)
gone 14232  (portal has no file for this order)
gone 13201  (portal has no file for this order)
gone 13192  (portal has no file for this order)
gone 13495  (portal has no file for this order)
gone 13124  (portal has no file for this order)
gone 5337  (portal has no file for this order)
gone 13179  (portal has no file for this order)
gone 13176  (portal has no file for this order)
gone 5175  (portal has no file for this order)
gone 4516  (portal has no file for this order)
gone 4436  (portal has no file for this order)
gone 4017  (portal has no file for this order)
ok   11363  8594 KB  16-11-2006      SC ke students ke ley sanchalit rajkiya ashram padhiti v
ok   11110  147 KB  13-11-2006      Janjati kalyaan nideshalaya uttaranchal ka punargathan
ok   11354  7127 KB  10-11-2006      Sainik kalyaan evam punarvaas nidesahlalaya UA ke adhist
ok   11360  6098 KB  01-11-2006      Office notification regarding Anushravan samiti
ok   11059  135 KB  19-10-2006      Arebia madarson main karyarat adhyapakon ke vetan anudaa
ok   10834  233 KB  09-10-2006      Raath Mahavidyalaya Pathani Paurhi Garhwaal ke parisar m
ok   10949  145 KB  15-09-2006      SC Up yojna SCSP evam janjati up yojna TSP ke antargat b
ok   10950  163 KB  15-09-2006      Office Notofication
ok   10948  112 KB  13-09-2006      Samaj Kalyaan vibhaag ke antargat alpsankhyak ke chaton 
ok   10743  77 KB  06-09-2006      SC ke vidyarthion hetu rajkiya ashram padhiti vidyalaya 
ok   10707  346 KB  04-09-2006      Anusoochit janjation ke kalyanarth sanchilit NGO ko sahy
ok   10708  160 KB  04-09-2006      Uttaranchal OBS ke adhisthaan vaya hetu atirikt dhanrash
ok   10757  239 KB  30-08-2006      SC ke vidhariyathion hetu rajkiyaasram padhiti vidyalaya
ok   10695  170 KB  23-08-2006      SC upyojna ke antargat HN Bahuguna Vishwavidyalaya Shrin
ok   10631  155 KB  17-08-2006      Project taaleem ke antargat e-learning ke kiryanvan hetu
ok   10756  161 KB  17-08-2006      vittiya varsh 2006-07 main SC ke vyakation ke ley rajya 
ok   10632  151 KB  11-08-2006      Tharu janjati ke ley samudayaik vikas bhawan khateema US
ok   10567  160 KB  08-08-2006      Chalu vittiya varsh 2006-07 ke aya vayak main samaj kaly
ok   10568  248 KB  03-08-2006       Chalu vittiya varsh 2006-07 ke aya vayak main samaj kal
ok   10630  133 KB  01-08-2006      Vikas khand Kalsi ke antargat janjati kshtera gram lakhw
ok   10441  127 KB  25-07-2006      Buxa janjation...dhanrashi ka avantan
ok   10416  192 KB  20-07-2006      Madarsa Maulan Azad ....Hostel nirmaan ke samabndh main
ok   10417  225 KB  19-07-2006      SC...hetu vittiya swikriti
ok   10378  150 KB  19-07-2006      Chalu vittiya varsh 2006-07...main vittiya swikriti
ok   10357  188 KB  14-07-2006      Haripriyanagar Haldwani...hetu dhanrashi ka avantan
ok   10341  150 KB  12-07-2006      OBC claas hetu....vittiya swikriti
ok   10342  199 KB  12-07-2006      Chalu vittiya varsh....dhanrashi ki swikirti
ok   10277  331 KB  04-07-2006      BPL ke neeche...marg darshak rooprekhayan
ok   10317  126 KB  01-07-2006      SC evam ST....ki aya seema ka nirdhran
ok   10313  230 KB  29-06-2006      Uttaranchal alpsankhyak kalyan...ke samabndh main
ok   10262  142 KB  28-06-2006      vittiya varsh...dhanrashi ki swikriti
ok   10183  151 KB  21-06-2006      Rajya stariya SC up yojana.... ki swikriti
ok   10230  227 KB  21-06-2006      Regulations 2006 for widows
ok   10239  129 KB  19-06-2006      Office notification
ok   10220  78 KB  17-06-2006      Virdhavastha....ke samabndh main
ok   10221  78 KB  17-06-2006      Virdhavastha...ke samabndh main
ok   10164  59 KB  16-06-2006      Office notification
ok   10148  49 KB  13-06-2006      Office notification
ok   10106  55 KB  30-05-2006      Office notification
ok   10107  71 KB  30-05-2006      Office notification
ok   10112  121 KB  30-05-2006      chalu vittiya varsh...vittiya swikriti
ok   10113  318 KB  30-05-2006      Chalu vittiya varsh...vittiya swikriti
ok   10073  155 KB  25-05-2006      Voluntary organisation...vatan bhaton hetu anudaan
ok   10074  147 KB  25-05-2006      Uttaranchal alpsankhyak...vittiya swikriti
ok   10076  74 KB  25-05-2006      Office notification
ok   10055  1892 KB  20-05-2006      Chalu vittiya...vittiya swikriti
ok   10056  704 KB  20-05-2006      Chalu vittiya....vittiya swikriti
ok   10058  191 KB  20-05-2006      Vhalu vittiya...vittiya swikirti
ok   10060  865 KB  20-05-2006      Chalu vittiya varsh...vittiya swikirti
ok   10021  56 KB  15-05-2006      Office notification
ok   10002  630 KB  11-05-2006      chalu vittiya varsh....ki vittiya swikriti
ok   9978  149 KB  08-05-2006      Tribak sub plan...dhanrashi ka avntan
ok   9968  232 KB  06-05-2006      Chalu vittiya varsh 2006-07....ki vittiya swikriti
ok   9973  161 KB  06-05-2006      Samaaj kalyaan niyojan....dhanrahion ki swikriti
ok   9944  65 KB  03-05-2006      H N Bahuguna Garhwal university, Shrinagar...vittiya swi
ok   9859  155 KB  15-04-2006      Samaj kalayaan niyojan...dhanrashi ki swikriti ke samabn
ok   12061  417 KB  01-04-2006      Office notification
ok   12117  102 KB  29-03-2006      Voluntary organisation Nehru Junior highschool evam shil
ok   12118  101 KB  29-03-2006      Voluntary organisation 'Johar shiksha samiti' Munsyari P
ok   12121  91 KB  29-03-2006      Voluntary organisation 'Dr. B R Ambedkar samjothaan sami
ok   12163  163 KB  28-03-2006      Janpad rudraprayag main jila stariya sainik vishraam gir
ok   12077  139 KB  28-03-2006      Voluntary org. 'Adarsh manav samiiti' ....ko anudaan ki 
ok   12083  121 KB  28-03-2006      Uttaranchal Miniority welfare ...vittiya swikriti
ok   12092  206 KB  28-03-2006      Jila adhikarion/CDO ke madhyam se....vibhin vikas karyon
ok   12102  116 KB  28-03-2006      Uttaranchal Rajya Haj samiti hetu atirikt dhanrashi ki v
ok   12105  143 KB  28-03-2006      Alpsankhyakon ke shikshit barojgaron hetu alpsnkhyak kos
ok   12110  141 KB  28-03-2006      Dargah-sharif piran-e kaliyar Haridwar ke Master Plan ke
ok   12111  110 KB  28-03-2006      Pandrah sutri karykram ke kiryanvan samiti hetu atirikt 
ok   12028  140 KB  27-03-2006      Haj house (peeran-e-kaliyar) roorki janpad Haridwar, Utt
ok   12049  211 KB  27-03-2006      intercast/inter religion marriage promotion ke falswaroo
ok   12022  492 KB  26-03-2006      UDD/DM ke madhyam se prapat vibhin MB/Jila panchayaton k
ok   12001  132 KB  25-03-2006      Project taleem ke antargat e-learning ke kiryanvan ki vi
ok   12013  148 KB  25-03-2006      SC ki soochi main sammilit karaye jaane ke ley uttaranch
ok   11977  199 KB  24-03-2006      SC & ST atyachar nivaran Act 1969 ke implimentation....
ok   11984  120 KB  24-03-2006      Viklaangjanon hetu nihshulk kritim ang/sahayak upkaran p
ok   11985  191 KB  24-03-2006      Voluntary organisation "Servant of India society" Bazpur
ok   9089  99 KB  21-03-2006      Uttranchal alpsankhyak kalyan thata wakf vikas nigam ki 
ok   7413  282 KB  07-03-2006      Samaj kalyaan niyojan prakosth ke adhisthan ke antargat 
ok   7255  6118 KB  07-03-2006      Uttaranchal bahuudeshiya vitt evam vikas nigam ltd. ke j
ok   11875  264 KB  03-03-2006      Swarna jayanti swrojgaar yojna ke antargat vittiya varsh
ok   11877  266 KB  03-03-2006      Rajkiya SC hostel kandoli dehradun uttranachal ke bhawan
ok   11879  12186 KB  02-03-2006      Special componanat plan ke antargat HN Bahuguna garhwaal
ok   11888  119 KB  01-03-2006      vittiya varsh 2005-06 ke ley ayojnagat madon main dhanav
ok   11831  103 KB  25-02-2006      Karlaya jyaap
ok   11775  110 KB  23-02-2006      Viklaangjanon hetu vishes sevayojan karlaya ki sthapana 
ok   11729  1080 KB  20-02-2006      Antarjatiya/antardharmik vivaha protsahan ke falswaroop 
ok   11812  164 KB  18-02-2006      Drishti viklangon ko sahayak upkaran/yantra uplabdh kare
ok   11713  86 KB  08-02-2006      Samaaj kalyaan vibhag ke antargat anusoochit jaati ke ch
ok   9815  186 KB  08-02-2006      Samaaj Kalyaan vibhaag ke antargat anusuchit janjaati ke
ok   9817  112 KB  08-02-2006      Uttaranchal bahudeshiya vit evam vikas nigam se sambandh
ok   9727  68 KB  28-01-2006      Shat Pratishat kendra poshit anusuchit jaati dashmotar c
ok   9683  129 KB  16-01-2006      Shat pratishat kendra poshit anusoochit jaati dashmotar 
ok   9620  93 KB  16-01-2006      Samaaj kalyaan prakosth ke adhisthaan ke antargat pratha
ok   9460  66 KB  15-12-2005      Karlaya Jyaap
ok   9443  189 KB  13-12-2005      Baithak
ok   9428  116 KB  09-12-2005      Anusuchit janjati ke parivaron hetu shilpi gram yojana k
ok   9409  143 KB  07-12-2005      Samaj kalyaan noyojan prakosth ke adhisthan ke antargat 
ok   9681  68 KB  06-12-2005      Adhisoochana
ok   8999  124 KB  23-11-2005      NSAP ke antargat sanchalit rashtriya oldage pension hetu
ok   9352  42 KB  22-10-2005      Samaj kalayaan vibhag ki chatravriti yojna ke mulyankan 
ok   8940  95 KB  10-09-2005      samaj kalyan vibhag ki chatravriti yijna ke mulyankan he
ok   8933  78 KB  08-09-2005      anusuchit jati avam janjati ke chatra-chatraon ki purvda
ok   9279  130 KB  31-08-2005      Sanik mahila prashikshan evam utpaadan kendra pauri garh
ok   9125  108 KB  08-08-2005      Uttaranchal bhauudesiya vit evam vikas nigam se sambandh
ok   9111  125 KB  05-08-2005      Rajkiya balika niketan Dehradun ke 100 Kshamta ke bhawan
ok   9090  122 KB  03-08-2005      Rashtriya samajik sahayata karyakaram n.s.a.p. ke antarg
ok   9194  112 KB  29-07-2005      Vittiya varsh 205-06 main viklaang chatravirit yojna het
ok   8699  68 KB  30-05-2005      uttaranchal may jammu-kashmir ke visthapit parivaro ko p
ok   8685  99 KB  26-05-2005      anusuchit jati or anusuchit janjati (atyachar nivaran) n
ok   8450  128 KB  21-04-2005      Vibhagauntergat sanchalit rajyakiya industrial traning i
ok   8074  514 KB  30-03-2005      Special Component Plan Key UnterGat Vibhin  Motors Margo
ok   8147  210 KB  30-03-2005      Rajyakeeya ashram padhtity school(175 chhamta) binsourd,
ok   8073  146 KB  29-03-2005      Trayval Sab Plan Key Untergat Janpad Dehradun Key Vikash
ok   8236  204 KB  24-03-2005      handicrapts ke punervass heytu shop nirmar plan ke unter
ok   8244  139 KB  23-03-2005      Intercast/ interreligen marriage improvement ke falswaro
ok   8245  141 KB  23-03-2005          Intercast/ interreligen marriage improvement ke fals
ok   8243  96 KB  22-03-2005      Handicaft jan adhineyam,1995 ke kriyanvyan heytu various
ok   8425  99 KB  21-03-2005      Janpad dehradun ke chakrata tehsil mein bacche kolta jat
ok   8429  143 KB  18-03-2005      Vradhavestha pension avam nirashit vidhwa bharn poasen a
ok   8371  72 KB  17-03-2005    Vebhaganatergat sanchalit rajykiya industrial training ins
ok   8428  135 KB  15-03-2005      National social help programes(N.S.A.P.)ke untergat atti
ok   8383  337 KB  07-03-2005      Special component plan ke untergat various motor margo k
ok   7839  204 KB  04-03-2005  Vighintargth sanchilit Rajkiya authigya parshikan santhan,kh
ok   7805  101 KB  01-03-2005  samaj kalyan niyojan prakoshth, uttranchal shasan hetu vahan
ok   7806  119 KB  01-03-2005  pramarshdata, janjati hetu vahan kray kiye jane ke sambandh 
ok   7990  111 KB  05-02-2005  samaj kalyan vibagh ki chatrviti yojna ke mulyankan adhayan 
ok   7892  201 KB  28-01-2005      viklang baranposan anudan ke antargat varsh 2004-05 hetu
ok   7857  143 KB  07-01-2005  vittiya varsh 2004-05 mein janshri beema yojana ke primiyam 
ok   7565  72 KB  27-12-2004  anye pichere vargo mein samajik roop se unnat vyaktiyo/vargo
ok   7566  137 KB  27-12-2004  rashtriya samajik sahayta karyakaram(n.s.a.p.) ke antargrat 
ok   7580  287 KB  27-12-2004    special component plan ke antargat vibhinn motor margon ke
ok   7643  72 KB  27-12-2004      Anaye pichdha vargon mein samajik roop se unnat viyaktiy
ok   7644  137 KB  27-12-2004      Rashtriye samajik sahayata karyekarm (N H A P) ke rashtr
ok   7633  215 KB  24-12-2004      Samaj Kalyaan niyojan prakoshth ke adhishthan ke antarga
ok   7579  215 KB  24-12-2004      samaj kalyan niyojan prakost ke adhistan ke antargat pun
ok   7469  130 KB  08-12-2004  rastriya samajik sahayata karyakram (n.s.a.p.) ke antragat r
ok   7144  60 KB  08-11-2004   video confrencing ke madhyam se 10 nov. 2004 ko aayojit bat
ok   7125  116 KB  03-11-2004  uttaranchal Alpsankhyak kalyan tatha vakf vikas nigam ke ghd
ok   7048  95 KB  12-10-2004  eklavya aadarsh aavasia vidyalay ki sthapna kia jane ke samb
ok   7010  122 KB  11-10-2004  sainik kalyan evam punarvaash vibagh hetu computer sets kray
ok   6708  59 KB  10-09-2004  video conferencing ke madhyam se senik kalyan vibhag ki sami
ok   6510  139 KB  10-08-2004  Rashtriya Samajik Sahayata Karyakarm (N.S.A.P) Ke Antargat R
ok   6548  138 KB  04-08-2004  vittiya varsh 2004-05 mein special component plan ke antarga
ok   6552  75 KB  31-07-2004  vibhin yojnaon ke antargat labharthiyon/karyon ke chayan ke 
ok   6469  439 KB  07-07-2004  Samaj Kalyan Vibhag Se Sambandhit 01-04-2004 Se 31-07-2004 T
ok   6489  83 KB  29-06-2004  Swatah Rojgaar Yojnaon Hetu Rajya Forum/Samiti Ke Gathan Ke 
ok   6450  107 KB  22-06-2004  Uttaranchal Ke Samast Rajkiya Bhawano Mein Varsha Jal Sangra
ok   6341  97 KB  18-06-2004  Uttaranchal Ke Vidhyalayon Mein Chatravritti Vitran Ke Samba
ok   6071  131 KB  24-03-2004  Swaichik Sanstha Indira Rashtriya Chetna Evam Samazothan San
ok   6090  75 KB  24-03-2004  Punarviniyog Dwara Swikrit Dhanrashi Ke Sambandh Mein
ok   6091  75 KB  24-03-2004  Punarviniyog Dwara Swikrit Dhanrashi Ke Sambandh Mein
ok   6355  149 KB  05-03-2004  Bees Sutri Karyakram Ke Sutra Sankhya 11 'A' Va 11 'B' Ke La
ok   6356  291 KB  03-03-2004  Samvidhaan Ke 73ve Sanshodhan Ke Anuroop Tristariya Panchaya
ok   6357  175 KB  01-03-2004  Uttaranchal Mein Samaj Kalyan Vibhaag Ke Antargat Sanchalit 
ok   6370  181 KB  28-02-2004  Uttaranchal Anusoochit Jaati Aur Janjaati Aayog Mein Upadhya
ok   6371  181 KB  28-02-2004  Uttaranchal Anya Pichda Varg Aayog Ka Upadhyaksh Niyukt Kiye
ok   6369  68 KB  05-02-2004  Kalyan Yojnaon Ke Anushravan Hetu Satarkta Evam Anushravan S
ok   6368  105 KB  31-01-2004  Rawalta/Jaunpuri Samudaay Ko Anya Pichda Varg Mein Sammilit 
ok   6367  75 KB  07-01-2004  Uttaranchal S.C.P./T.S.P. Prakoshth Hetu Paramarshdata Ki Ni
ok   6358  83 KB  16-12-2003  Ek Rajya Se Doosre Rajya Mein Rojgaar Athwa Shiksha Hetu Vis
ok   6366  60 KB  27-11-2003  Samaj Kalyan Vibhaag Ki Vibhinn Pension Yojnaon Ke Computeri
ok   6365  113 KB  15-11-2003  Kathuliya Bora, Ghrit Baahti Chahang Evam Gorkha Samudaay/Ja
ok   6359  132 KB  14-11-2003  Vridhawastha Pension Evam Viklaang Bharan Poshan Anudaan Yoj
ok   6364  90 KB  17-10-2003  Uttaranchal Anya Pichda Varg Aayog Mein Adhyaksh Ki Niyukti 
ok   6363  79 KB  15-10-2003  Uttaranchal Anusoochit Jaati Evam Janjaati Aayog Mein Adhyak
ok   6362  121 KB  09-10-2003  Uttaranchal Samaj Kalyan Salahkaar Board Ka Gathan Karte Hue
ok   6361  77 KB  08-10-2003  Nideshak, Samaj Kalyan, Uttaranchal Ko Samast Samvileen Vibh
ok   6360  68 KB  07-10-2003  Uttaranchal Mein Mool Niwasi Jain Samoodaay Ko Uttaranchal M
ok   6354  125 KB  29-09-2003  Uttaranchal Alp-Sankhyak Aayog Ka Gathan Karte Hue Adhyaksh 
ok   6353  73 KB  06-09-2003  Uttaranchal Wakf Board Ke Gathan Ke Sambandh Mein     
ok   6352  93 KB  28-08-2003  Janpad Bageshwar Mein Rajkiya Vridh Evam Ashakt Aawas Grah K
ok   6389  220 KB  26-08-2003  Anusoochit Jaati Ki Chatraon Hetu Nirmit Chatravas Mussoorie
ok   6388  220 KB  18-08-2003  Anusoochit Jaati Ke Chatron Hetu Nirmit P.G. College Chatrav
ok   6390  125 KB  07-08-2003  Uttaranchal Anusoochit Jaati, Anusoochit Janjaati Evam Anya 
ok   6387  61 KB  29-07-2003  Uttaranchal Alpsankhyak Aayog Adhiniyam,2002 Ko Pravritt Kiy
ok   6386  76 KB  28-06-2003  Samast Jila Magistrate, Uttaranchal Ko Atirikt Ayukt, Viklaa
ok   6385  196 KB  29-03-2003  Vittiya Varsh 2002-03 Hetu Janpad Nainital Mein Maaldhan Cha
ok   6384  63 KB  13-03-2003  Anusoochit Janjatiyon Ke Kalyanarth Chalai Jaa Rahi Bankebul
ok   6382  316 KB  18-02-2003  Alpsankhyakon Ke Kalyanarth Rajya Stariya 15-Sutri Karyakram
ok   6383  107 KB  18-02-2003  Uttaranchal Rajya Haz Samiti Ke Gathan Ke Sambandh Mein    
ok   6381  78 KB  04-01-2003  Samaj Kalyan Nideshalaya Ko Haldwani(Nainital) Mein Sthapit/
ok   6380  126 KB  31-12-2002  Jaat Sikh Evam Kumhaar (Prajapati) Jaati Ko Anya Pichda Varg
ok   6379  129 KB  24-07-2002  Samast Jila Judge, Uttaranchal Waqf Tribunal Ke Roop Mein Ga
ok   6378  109 KB  12-07-2002  Navsrajit Janpad Rudrprayag, Champawat, Tatha Bageshwar Mein
ok   6377  284 KB  10-06-2002  Uttaranchal Rajya Haz Samiti Niyamawali Ke Prakhyapan Ke Sam
ok   6376  209 KB  06-04-2002  Uttaranchal Mein Bahudeshya Vitt Evam Vikas Nigam Ltd. Ke Sa
ok   6375  398 KB  26-12-2001  Uttaranchal Rajya Mein Samaj Kalyan Ke Sanrachnatmak Danche 
ok   6372  130 KB  28-05-2001  Viklaang Kalyan Hetu Rajya Samanvyay Samiti Ka Gathan Kiye J
ok   6373  109 KB  28-05-2001  Viklaang Kalyan Hetu Rajya Karyakari Samiti Ka Gathan Kiye J
ok   6374  68 KB  28-05-2001  Nideshak, Samaj Kalyan, Uttaranchal Ko Paden Viklaangjan Aay
pdfs: ok=190 skipped=868 missing=17 failed=0 -> /home/aman/workshop/ukis-p001/data/meta/manifest-203.json
