Collecting torch
  Downloading torch-2.14.0-cp314-cp314-manylinux_2_28_x86_64.whl.metadata (37 kB)
Collecting sentence-transformers
  Downloading sentence_transformers-6.0.1-py3-none-any.whl.metadata (20 kB)
Collecting filelock (from torch)
  Downloading filelock-3.32.6-py3-none-any.whl.metadata (2.0 kB)
Requirement already satisfied: typing-extensions>=4.10.0 in ./.venv/lib/python3.14/site-packages (from torch) (4.16.0)
Collecting setuptools>=77.0.3 (from torch)
  Using cached setuptools-84.0.0-py3-none-any.whl.metadata (6.6 kB)
Collecting sympy>=1.13.3 (from torch)
  Downloading sympy-1.14.0-py3-none-any.whl.metadata (12 kB)
Collecting networkx>=2.5.1 (from torch)
  Downloading networkx-3.6.1-py3-none-any.whl.metadata (6.8 kB)
Collecting jinja2 (from torch)
  Using cached jinja2-3.1.6-py3-none-any.whl.metadata (2.9 kB)
Collecting fsspec>=0.8.5 (from torch)
  Downloading fsspec-2026.7.0-py3-none-any.whl.metadata (10 kB)
Collecting cuda-toolkit==13.0.3 (from cuda-toolkit[cublas,cudart,cufft,cufile,cupti,curand,cusolver,cusparse,nvjitlink,nvrtc,nvtx]==13.0.3; platform_system == "Linux"->torch)
  Downloading cuda_toolkit-13.0.3.0-py2.py3-none-any.whl.metadata (17 kB)
Collecting cuda-bindings<14,>=13.0.3 (from torch)
  Downloading cuda_bindings-13.4.1-cp314-cp314-manylinux_2_24_x86_64.manylinux_2_28_x86_64.whl.metadata (2.4 kB)
Collecting nvidia-cudnn-cu13==9.24.0.43 (from torch)
  Downloading nvidia_cudnn_cu13-9.24.0.43-py3-none-manylinux_2_27_x86_64.whl.metadata (1.9 kB)
Collecting nvidia-cusparselt-cu13==0.8.1 (from torch)
  Downloading nvidia_cusparselt_cu13-0.8.1-py3-none-manylinux2014_x86_64.whl.metadata (12 kB)
Collecting nvidia-nccl-cu13==2.30.7 (from torch)
  Downloading nvidia_nccl_cu13-2.30.7-py3-none-manylinux_2_18_x86_64.whl.metadata (2.1 kB)
Collecting nvidia-nvshmem-cu13==3.4.5 (from torch)
  Downloading nvidia_nvshmem_cu13-3.4.5-py3-none-manylinux2014_x86_64.manylinux_2_17_x86_64.whl.metadata (2.1 kB)
Collecting triton~=3.8.0 (from torch)
  Downloading triton-3.8.0-cp314-cp314-manylinux_2_27_x86_64.manylinux_2_28_x86_64.whl.metadata (978 bytes)
Collecting nvidia-cublas==13.1.1.3.* (from cuda-toolkit[cublas,cudart,cufft,cufile,cupti,curand,cusolver,cusparse,nvjitlink,nvrtc,nvtx]==13.0.3; platform_system == "Linux"->torch)
  Downloading nvidia_cublas-13.1.1.3-py3-none-manylinux_2_27_x86_64.whl.metadata (1.8 kB)
Collecting nvidia-cuda-nvrtc==13.0.88.* (from cuda-toolkit[cublas,cudart,cufft,cufile,cupti,curand,cusolver,cusparse,nvjitlink,nvrtc,nvtx]==13.0.3; platform_system == "Linux"->torch)
  Downloading nvidia_cuda_nvrtc-13.0.88-py3-none-manylinux2010_x86_64.manylinux_2_12_x86_64.whl.metadata (1.7 kB)
Collecting nvidia-cuda-runtime==13.0.96.* (from cuda-toolkit[cublas,cudart,cufft,cufile,cupti,curand,cusolver,cusparse,nvjitlink,nvrtc,nvtx]==13.0.3; platform_system == "Linux"->torch)
  Downloading nvidia_cuda_runtime-13.0.96-py3-none-manylinux2014_x86_64.manylinux_2_17_x86_64.whl.metadata (1.7 kB)
Collecting nvidia-cufft==12.0.0.61.* (from cuda-toolkit[cublas,cudart,cufft,cufile,cupti,curand,cusolver,cusparse,nvjitlink,nvrtc,nvtx]==13.0.3; platform_system == "Linux"->torch)
  Downloading nvidia_cufft-12.0.0.61-py3-none-manylinux2014_x86_64.manylinux_2_17_x86_64.whl.metadata (1.8 kB)
Collecting nvidia-nvjitlink<14,>=13.0.88 (from cuda-toolkit[cublas,cudart,cufft,cufile,cupti,curand,cusolver,cusparse,nvjitlink,nvrtc,nvtx]==13.0.3; platform_system == "Linux"->torch)
  Downloading nvidia_nvjitlink-13.4.52-py3-none-manylinux2010_x86_64.manylinux_2_12_x86_64.whl.metadata (1.8 kB)
Collecting nvidia-cufile==1.15.1.6.* (from cuda-toolkit[cublas,cudart,cufft,cufile,cupti,curand,cusolver,cusparse,nvjitlink,nvrtc,nvtx]==13.0.3; platform_system == "Linux"->torch)
  Downloading nvidia_cufile-1.15.1.6-py3-none-manylinux2014_x86_64.manylinux_2_17_x86_64.whl.metadata (1.7 kB)
Collecting nvidia-cuda-cupti==13.0.85.* (from cuda-toolkit[cublas,cudart,cufft,cufile,cupti,curand,cusolver,cusparse,nvjitlink,nvrtc,nvtx]==13.0.3; platform_system == "Linux"->torch)
  Downloading nvidia_cuda_cupti-13.0.85-py3-none-manylinux_2_25_x86_64.whl.metadata (1.7 kB)
Collecting nvidia-curand==10.4.0.35.* (from cuda-toolkit[cublas,cudart,cufft,cufile,cupti,curand,cusolver,cusparse,nvjitlink,nvrtc,nvtx]==13.0.3; platform_system == "Linux"->torch)
  Downloading nvidia_curand-10.4.0.35-py3-none-manylinux_2_27_x86_64.whl.metadata (1.7 kB)
Collecting nvidia-cusolver==12.0.4.66.* (from cuda-toolkit[cublas,cudart,cufft,cufile,cupti,curand,cusolver,cusparse,nvjitlink,nvrtc,nvtx]==13.0.3; platform_system == "Linux"->torch)
  Downloading nvidia_cusolver-12.0.4.66-py3-none-manylinux_2_27_x86_64.whl.metadata (1.8 kB)
Collecting nvidia-cusparse==12.6.3.3.* (from cuda-toolkit[cublas,cudart,cufft,cufile,cupti,curand,cusolver,cusparse,nvjitlink,nvrtc,nvtx]==13.0.3; platform_system == "Linux"->torch)
  Downloading nvidia_cusparse-12.6.3.3-py3-none-manylinux2014_x86_64.manylinux_2_17_x86_64.whl.metadata (1.8 kB)
Collecting nvidia-nvtx==13.0.85.* (from cuda-toolkit[cublas,cudart,cufft,cufile,cupti,curand,cusolver,cusparse,nvjitlink,nvrtc,nvtx]==13.0.3; platform_system == "Linux"->torch)
  Downloading nvidia_nvtx-13.0.85-py3-none-manylinux1_x86_64.manylinux_2_5_x86_64.whl.metadata (1.8 kB)
Collecting cuda-pathfinder>=1.4.2 (from cuda-bindings<14,>=13.0.3->torch)
  Downloading cuda_pathfinder-1.8.1-py3-none-any.whl.metadata (1.9 kB)
Collecting transformers<6.0.0,>=5.0.0 (from sentence-transformers)
  Downloading transformers-5.17.0-py3-none-any.whl.metadata (32 kB)
Collecting tokenizers>=0.19 (from sentence-transformers)
  Downloading tokenizers-0.23.2-cp310-abi3-manylinux_2_17_x86_64.manylinux2014_x86_64.whl.metadata (9.8 kB)
Collecting huggingface-hub<2.0.0,>=1.3.0 (from sentence-transformers)
  Downloading huggingface_hub-1.31.0-py3-none-any.whl.metadata (16 kB)
Requirement already satisfied: numpy>=1.24.0 in ./.venv/lib/python3.14/site-packages (from sentence-transformers) (2.5.3)
Collecting scikit-learn>=1.1.0 (from sentence-transformers)
  Downloading scikit_learn-1.9.1-cp314-cp314-manylinux_2_27_x86_64.manylinux_2_28_x86_64.whl.metadata (9.3 kB)
Collecting scipy>=1.0.0 (from sentence-transformers)
  Using cached scipy-1.18.1-cp314-cp314-manylinux_2_27_x86_64.manylinux_2_28_x86_64.whl.metadata (62 kB)
Collecting tqdm>=4.0.0 (from sentence-transformers)
  Downloading tqdm-4.70.1-py3-none-any.whl.metadata (57 kB)
Requirement already satisfied: click<9.0.0,>=8.4.2 in ./.venv/lib/python3.14/site-packages (from huggingface-hub<2.0.0,>=1.3.0->sentence-transformers) (8.5.0)
Collecting hf-xet<2.0.0,>=1.5.2 (from huggingface-hub<2.0.0,>=1.3.0->sentence-transformers)
  Downloading hf_xet-1.6.0-cp38-abi3-manylinux2014_x86_64.manylinux_2_17_x86_64.whl.metadata (4.9 kB)
Collecting httpx<1,>=0.23.0 (from huggingface-hub<2.0.0,>=1.3.0->sentence-transformers)
  Using cached httpx-0.28.1-py3-none-any.whl.metadata (7.1 kB)
Requirement already satisfied: packaging>=20.9 in ./.venv/lib/python3.14/site-packages (from huggingface-hub<2.0.0,>=1.3.0->sentence-transformers) (26.3)
Requirement already satisfied: pyyaml>=5.1 in ./.venv/lib/python3.14/site-packages (from huggingface-hub<2.0.0,>=1.3.0->sentence-transformers) (6.0.3)
Requirement already satisfied: anyio in ./.venv/lib/python3.14/site-packages (from httpx<1,>=0.23.0->huggingface-hub<2.0.0,>=1.3.0->sentence-transformers) (4.15.1)
Requirement already satisfied: certifi in ./.venv/lib/python3.14/site-packages (from httpx<1,>=0.23.0->huggingface-hub<2.0.0,>=1.3.0->sentence-transformers) (2026.7.22)
Collecting httpcore==1.* (from httpx<1,>=0.23.0->huggingface-hub<2.0.0,>=1.3.0->sentence-transformers)
  Using cached httpcore-1.0.9-py3-none-any.whl.metadata (21 kB)
Requirement already satisfied: idna in ./.venv/lib/python3.14/site-packages (from httpx<1,>=0.23.0->huggingface-hub<2.0.0,>=1.3.0->sentence-transformers) (3.19)
Requirement already satisfied: h11>=0.16 in ./.venv/lib/python3.14/site-packages (from httpcore==1.*->httpx<1,>=0.23.0->huggingface-hub<2.0.0,>=1.3.0->sentence-transformers) (0.16.0)
Collecting regex>=2025.10.22 (from transformers<6.0.0,>=5.0.0->sentence-transformers)
  Downloading regex-2026.9.10-cp314-cp314-manylinux2014_x86_64.manylinux_2_17_x86_64.manylinux_2_28_x86_64.whl.metadata (40 kB)
Collecting typer (from transformers<6.0.0,>=5.0.0->sentence-transformers)
  Downloading typer-0.27.2-py3-none-any.whl.metadata (16 kB)
Collecting safetensors>=0.8.0 (from transformers<6.0.0,>=5.0.0->sentence-transformers)
  Downloading safetensors-0.8.0-cp310-abi3-manylinux_2_17_x86_64.manylinux2014_x86_64.whl.metadata (4.2 kB)
Collecting joblib>=1.4.0 (from scikit-learn>=1.1.0->sentence-transformers)
  Downloading joblib-1.6.0-py3-none-any.whl.metadata (6.5 kB)
Collecting narwhals>=2.0.1 (from scikit-learn>=1.1.0->sentence-transformers)
  Downloading narwhals-2.26.0-py3-none-any.whl.metadata (15 kB)
Collecting threadpoolctl>=3.5.0 (from scikit-learn>=1.1.0->sentence-transformers)
  Downloading threadpoolctl-3.6.0-py3-none-any.whl.metadata (13 kB)
Collecting cloudpickle>=3.0 (from joblib>=1.4.0->scikit-learn>=1.1.0->sentence-transformers)
  Downloading cloudpickle-3.1.2-py3-none-any.whl.metadata (7.1 kB)
Collecting mpmath<1.4,>=1.1.0 (from sympy>=1.13.3->torch)
  Downloading mpmath-1.3.0-py3-none-any.whl.metadata (8.6 kB)
Collecting MarkupSafe>=2.0 (from jinja2->torch)
  Using cached markupsafe-3.0.3-cp314-cp314-manylinux2014_x86_64.manylinux_2_17_x86_64.manylinux_2_28_x86_64.whl.metadata (2.7 kB)
Collecting shellingham>=1.3.0 (from typer->transformers<6.0.0,>=5.0.0->sentence-transformers)
  Downloading shellingham-1.5.4-py2.py3-none-any.whl.metadata (3.5 kB)
Collecting rich>=13.8.0 (from typer->transformers<6.0.0,>=5.0.0->sentence-transformers)
  Downloading rich-15.0.0-py3-none-any.whl.metadata (18 kB)
Requirement already satisfied: annotated-doc>=0.0.2 in ./.venv/lib/python3.14/site-packages (from typer->transformers<6.0.0,>=5.0.0->sentence-transformers) (0.0.5)
Collecting markdown-it-py>=2.2.0 (from rich>=13.8.0->typer->transformers<6.0.0,>=5.0.0->sentence-transformers)
  Using cached markdown_it_py-4.2.0-py3-none-any.whl.metadata (7.4 kB)
Collecting pygments<3.0.0,>=2.13.0 (from rich>=13.8.0->typer->transformers<6.0.0,>=5.0.0->sentence-transformers)
  Using cached pygments-2.21.0-py3-none-any.whl.metadata (2.5 kB)
Collecting mdurl~=0.1 (from markdown-it-py>=2.2.0->rich>=13.8.0->typer->transformers<6.0.0,>=5.0.0->sentence-transformers)
  Using cached mdurl-0.1.2-py3-none-any.whl.metadata (1.6 kB)
Downloading torch-2.14.0-cp314-cp314-manylinux_2_28_x86_64.whl (554.6 MB)
   ━━━━━━━━━━━━━━━━━━━━━━━━━━━━━━━━━━━━━━━━ 554.6/554.6 MB 8.9 MB/s  0:01:00
Downloading cuda_toolkit-13.0.3.0-py2.py3-none-any.whl (2.5 kB)
Downloading nvidia_cudnn_cu13-9.24.0.43-py3-none-manylinux_2_27_x86_64.whl (553.1 MB)
   ━━━━━━━━━━━━━━━━━━━━━━━━━━━━━━━━━━━━━━━━ 553.1/553.1 MB 9.7 MB/s  0:00:49
Downloading nvidia_cusparselt_cu13-0.8.1-py3-none-manylinux2014_x86_64.whl (170.1 MB)
   ━━━━━━━━━━━━━━━━━━━━━━━━━━━━━━━━━━━━━━━━ 170.1/170.1 MB 12.0 MB/s  0:00:14
Downloading nvidia_nccl_cu13-2.30.7-py3-none-manylinux_2_18_x86_64.whl (216.0 MB)
   ━━━━━━━━━━━━━━━━━━━━━━━━━━━━━━━━━━━━━━━━ 216.0/216.0 MB 12.0 MB/s  0:00:18
Downloading nvidia_nvshmem_cu13-3.4.5-py3-none-manylinux2014_x86_64.manylinux_2_17_x86_64.whl (60.4 MB)
   ━━━━━━━━━━━━━━━━━━━━━━━━━━━━━━━━━━━━━━━━ 60.4/60.4 MB 11.5 MB/s  0:00:05
Downloading cuda_bindings-13.4.1-cp314-cp314-manylinux_2_24_x86_64.manylinux_2_28_x86_64.whl (7.0 MB)
   ━━━━━━━━━━━━━━━━━━━━━━━━━━━━━━━━━━━━━━━━ 7.0/7.0 MB 9.5 MB/s  0:00:00
Downloading nvidia_cublas-13.1.1.3-py3-none-manylinux_2_27_x86_64.whl (423.1 MB)
   ━━━━━━━━━━━━━━━━━━━━━━━━━━━━━━━━━━━━━━━━ 423.1/423.1 MB 11.8 MB/s  0:00:34
Downloading nvidia_cuda_cupti-13.0.85-py3-none-manylinux_2_25_x86_64.whl (10.7 MB)
   ━━━━━━━━━━━━━━━━━━━━━━━━━━━━━━━━━━━━━━━━ 10.7/10.7 MB 13.6 MB/s  0:00:00
Downloading nvidia_cuda_nvrtc-13.0.88-py3-none-manylinux2010_x86_64.manylinux_2_12_x86_64.whl (90.2 MB)
   ━━━━━━━━━━━━━━━━━━━━━━━━━━━━━━━━━━━━━━━━ 90.2/90.2 MB 12.5 MB/s  0:00:07
Downloading nvidia_cuda_runtime-13.0.96-py3-none-manylinux2014_x86_64.manylinux_2_17_x86_64.whl (2.2 MB)
   ━━━━━━━━━━━━━━━━━━━━━━━━━━━━━━━━━━━━━━━━ 2.2/2.2 MB 11.1 MB/s  0:00:00
Downloading nvidia_cufft-12.0.0.61-py3-none-manylinux2014_x86_64.manylinux_2_17_x86_64.whl (214.1 MB)
   ━━━━━━━━━━━━━━━━━━━━━━━━━━━━━━━━━━━━━━━━ 214.1/214.1 MB 11.9 MB/s  0:00:17
Downloading nvidia_cufile-1.15.1.6-py3-none-manylinux2014_x86_64.manylinux_2_17_x86_64.whl (1.2 MB)
   ━━━━━━━━━━━━━━━━━━━━━━━━━━━━━━━━━━━━━━━━ 1.2/1.2 MB 9.0 MB/s  0:00:00
Downloading nvidia_curand-10.4.0.35-py3-none-manylinux_2_27_x86_64.whl (59.5 MB)
   ━━━━━━━━━━━━━━━━━━━━━━━━━━━━━━━━━━━━━━━━ 59.5/59.5 MB 12.1 MB/s  0:00:04
Downloading nvidia_cusolver-12.0.4.66-py3-none-manylinux_2_27_x86_64.whl (200.9 MB)
   ━━━━━━━━━━━━━━━━━━━━━━━━━━━━━━━━━━━━━━━━ 200.9/200.9 MB 12.0 MB/s  0:00:16
Downloading nvidia_cusparse-12.6.3.3-py3-none-manylinux2014_x86_64.manylinux_2_17_x86_64.whl (145.9 MB)
   ━━━━━━━━━━━━━━━━━━━━━━━━━━━━━━━━━━━━━━━━ 145.9/145.9 MB 9.9 MB/s  0:00:14
Downloading nvidia_nvjitlink-13.4.52-py3-none-manylinux2010_x86_64.manylinux_2_12_x86_64.whl (42.5 MB)
   ━━━━━━━━━━━━━━━━━━━━━━━━━━━━━━━━━━━━━━━━ 42.5/42.5 MB 10.3 MB/s  0:00:04
Downloading nvidia_nvtx-13.0.85-py3-none-manylinux1_x86_64.manylinux_2_5_x86_64.whl (148 kB)
Downloading triton-3.8.0-cp314-cp314-manylinux_2_27_x86_64.manylinux_2_28_x86_64.whl (248.0 MB)
   ━━━━━━━━━━━━━━━━━━━━━━━━━━━━━━━━━━━━━━━━ 248.0/248.0 MB 7.7 MB/s  0:00:31
Downloading sentence_transformers-6.0.1-py3-none-any.whl (739 kB)
   ━━━━━━━━━━━━━━━━━━━━━━━━━━━━━━━━━━━━━━━━ 739.8/739.8 kB 10.7 MB/s  0:00:00
Downloading huggingface_hub-1.31.0-py3-none-any.whl (798 kB)
   ━━━━━━━━━━━━━━━━━━━━━━━━━━━━━━━━━━━━━━━━ 798.3/798.3 kB 9.0 MB/s  0:00:00
Downloading hf_xet-1.6.0-cp38-abi3-manylinux2014_x86_64.manylinux_2_17_x86_64.whl (4.5 MB)
   ━━━━━━━━━━━━━━━━━━━━━━━━━━━━━━━━━━━━━━━━ 4.5/4.5 MB 11.2 MB/s  0:00:00
Using cached httpx-0.28.1-py3-none-any.whl (73 kB)
Using cached httpcore-1.0.9-py3-none-any.whl (78 kB)
Downloading transformers-5.17.0-py3-none-any.whl (12.3 MB)
   ━━━━━━━━━━━━━━━━━━━━━━━━━━━━━━━━━━━━━━━━ 12.3/12.3 MB 13.4 MB/s  0:00:00
Downloading tokenizers-0.23.2-cp310-abi3-manylinux_2_17_x86_64.manylinux2014_x86_64.whl (3.4 MB)
   ━━━━━━━━━━━━━━━━━━━━━━━━━━━━━━━━━━━━━━━━ 3.4/3.4 MB 11.0 MB/s  0:00:00
Downloading cuda_pathfinder-1.8.1-py3-none-any.whl (62 kB)
Downloading filelock-3.32.6-py3-none-any.whl (100 kB)
Downloading fsspec-2026.7.0-py3-none-any.whl (206 kB)
Downloading networkx-3.6.1-py3-none-any.whl (2.1 MB)
   ━━━━━━━━━━━━━━━━━━━━━━━━━━━━━━━━━━━━━━━━ 2.1/2.1 MB 9.9 MB/s  0:00:00
Downloading regex-2026.9.10-cp314-cp314-manylinux2014_x86_64.manylinux_2_17_x86_64.manylinux_2_28_x86_64.whl (803 kB)
   ━━━━━━━━━━━━━━━━━━━━━━━━━━━━━━━━━━━━━━━━ 803.7/803.7 kB 10.5 MB/s  0:00:00
Downloading safetensors-0.8.0-cp310-abi3-manylinux_2_17_x86_64.manylinux2014_x86_64.whl (516 kB)
Downloading scikit_learn-1.9.1-cp314-cp314-manylinux_2_27_x86_64.manylinux_2_28_x86_64.whl (9.2 MB)
   ━━━━━━━━━━━━━━━━━━━━━━━━━━━━━━━━━━━━━━━━ 9.2/9.2 MB 2.0 MB/s  0:00:04
Downloading joblib-1.6.0-py3-none-any.whl (306 kB)
Downloading cloudpickle-3.1.2-py3-none-any.whl (22 kB)
Downloading narwhals-2.26.0-py3-none-any.whl (474 kB)
Using cached scipy-1.18.1-cp314-cp314-manylinux_2_27_x86_64.manylinux_2_28_x86_64.whl (35.3 MB)
Using cached setuptools-84.0.0-py3-none-any.whl (818 kB)
Downloading sympy-1.14.0-py3-none-any.whl (6.3 MB)
   ━━━━━━━━━━━━━━━━━━━━━━━━━━━━━━━━━━━━━━━━ 6.3/6.3 MB 13.2 MB/s  0:00:00
Downloading mpmath-1.3.0-py3-none-any.whl (536 kB)
   ━━━━━━━━━━━━━━━━━━━━━━━━━━━━━━━━━━━━━━━━ 536.2/536.2 kB 10.1 MB/s  0:00:00
Downloading threadpoolctl-3.6.0-py3-none-any.whl (18 kB)
Downloading tqdm-4.70.1-py3-none-any.whl (80 kB)
Using cached jinja2-3.1.6-py3-none-any.whl (134 kB)
Using cached markupsafe-3.0.3-cp314-cp314-manylinux2014_x86_64.manylinux_2_17_x86_64.manylinux_2_28_x86_64.whl (23 kB)
Downloading typer-0.27.2-py3-none-any.whl (123 kB)
Downloading rich-15.0.0-py3-none-any.whl (310 kB)
Using cached pygments-2.21.0-py3-none-any.whl (1.3 MB)
Using cached markdown_it_py-4.2.0-py3-none-any.whl (91 kB)
Using cached mdurl-0.1.2-py3-none-any.whl (10.0 kB)
Downloading shellingham-1.5.4-py2.py3-none-any.whl (9.8 kB)
Installing collected packages: nvidia-cusparselt-cu13, mpmath, cuda-toolkit, triton, tqdm, threadpoolctl, sympy, shellingham, setuptools, scipy, safetensors, regex, pygments, nvidia-nvtx, nvidia-nvshmem-cu13, nvidia-nvjitlink, nvidia-nccl-cu13, nvidia-curand, nvidia-cufile, nvidia-cuda-runtime, nvidia-cuda-nvrtc, nvidia-cuda-cupti, networkx, narwhals, mdurl, MarkupSafe, httpcore, hf-xet, fsspec, filelock, cuda-pathfinder, cloudpickle, nvidia-cusparse, nvidia-cufft, nvidia-cublas, markdown-it-py, joblib, jinja2, httpx, cuda-bindings, scikit-learn, rich, nvidia-cusolver, nvidia-cudnn-cu13, huggingface-hub, typer, tokenizers, transformers, torch, sentence-transformers

Successfully installed MarkupSafe-3.0.3 cloudpickle-3.1.2 cuda-bindings-13.4.1 cuda-pathfinder-1.8.1 cuda-toolkit-13.0.3.0 filelock-3.32.6 fsspec-2026.7.0 hf-xet-1.6.0 httpcore-1.0.9 httpx-0.28.1 huggingface-hub-1.31.0 jinja2-3.1.6 joblib-1.6.0 markdown-it-py-4.2.0 mdurl-0.1.2 mpmath-1.3.0 narwhals-2.26.0 networkx-3.6.1 nvidia-cublas-13.1.1.3 nvidia-cuda-cupti-13.0.85 nvidia-cuda-nvrtc-13.0.88 nvidia-cuda-runtime-13.0.96 nvidia-cudnn-cu13-9.24.0.43 nvidia-cufft-12.0.0.61 nvidia-cufile-1.15.1.6 nvidia-curand-10.4.0.35 nvidia-cusolver-12.0.4.66 nvidia-cusparse-12.6.3.3 nvidia-cusparselt-cu13-0.8.1 nvidia-nccl-cu13-2.30.7 nvidia-nvjitlink-13.4.52 nvidia-nvshmem-cu13-3.4.5 nvidia-nvtx-13.0.85 pygments-2.21.0 regex-2026.9.10 rich-15.0.0 safetensors-0.8.0 scikit-learn-1.9.1 scipy-1.18.1 sentence-transformers-6.0.1 setuptools-84.0.0 shellingham-1.5.4 sympy-1.14.0 threadpoolctl-3.6.0 tokenizers-0.23.2 torch-2.14.0 tqdm-4.70.1 transformers-5.17.0 triton-3.8.0 typer-0.27.2
